
### linux centos7 下安装

CentOS7的yum源中默认好像是没有mysql的。为了解决这个问题，我们要先下载mysql的repo源。

1. 下载mysql的repo源

$ wget http://repo.mysql.com/mysql-community-release-el7-5.noarch.rpm

2. 安装mysql-community-release-el7-5.noarch.rpm包

$ sudo rpm -ivh mysql-community-release-el7-5.noarch.rpm

安装这个包后，会获得两个mysql的yum repo源：/etc/yum.repos.d/mysql-community.repo，/etc/yum.repos.d/mysql-community-source.repo。

3. 安装mysql

$ sudo yum install mysql-server

根据步骤安装就可以了，不过安装完成后，没有密码，需要重置密码。

4. 重置密码

重置密码前，首先要登录

$ mysql -u root

登录时有可能报这样的错：ERROR 2002 (HY000): Can‘t connect to local MySQL server through socket ‘/var/lib/mysql/mysql.sock‘ (2)，
原因是/var/lib/mysql的访问权限问题。下面的命令把/var/lib/mysql的拥有者改为当前用户：

$ sudo chown -R openscanner:openscanner /var/lib/mysql

然后，重启服务：

$ service mysqld restart

接下来登录重置密码：

$ mysql -u root

mysql > use mysql;

mysql > update user set password=password("newpass") where user="root";

mysql > exit;






### 一些基本知识
	# 登录
mysql -u root
> show databases;

> use mysql;

> select user, host, password from user;

	# /etc/my.cnf
	character-set-server=utf8 #配置字符集
	

chkconfig mysqld on // 自启动



	# 启动与关闭
	systemctl start mysqld.service
	
	# 建立database
CREATE DATABASE IF NOT EXISTS `imall` default charset utf8 COLLATE utf8_general_ci; 
#注意后面这句话 "COLLATE utf8_general_ci",大致意思是在排序时根据utf8变码格式来排序 
#那么在这个数据库下创建的所有数据表的默认字符集都会是utf8了

## 把对新建立的数据库的操作权限授予用户
grant all privileges on imall.* to uname@localhost identified by "password";
(flush privileges)

# 执行 imall.sql
use imall;
source /opt/imall/imall.sql;

select * from imall_product\G;  # \G 格式化
